
Map of adc.st7 from link file adc.lkf - Fri Jun 09 20:21:12 2006


                               --------
                               Segments
                               --------

start 0000fa00 end 0000fb43 length   323 segment .text
start 0000fb43 end 0000fb43 length     0 segment .TEXT
start 0000fb43 end 0000fb43 length     0 segment .const
start 0000fb43 end 0000fb43 length     0 segment DATA
start 00000080 end 00000080 length     0 segment .bsct
start 00000080 end 00000085 length     5 segment .ubsct
start 00000085 end 000000a3 length    30 segment .share
start 000000c0 end 000000c0 length     0 segment .data
start 000000c0 end 000000c0 length     0 segment .bss
start 00000000 end 00000b34 length  2868 segment .debug
start 0000ffe0 end 00010000 length    32 segment .const


                               -------
                               Modules
                               -------

C:\Program Files\Cosmic\Eval ST7\lib\crts.st7:
start 0000fa00 end 0000fa06 length     6 section .text

main.o:
start 0000fa06 end 0000faa1 length   155 section .text
start 00000080 end 00000081 length     1 section .ubsct
start 00000000 end 0000055c length  1372 section .debug

(C:\Program Files\Cosmic\Eval ST7\lib\libm.st7)xreg.o:
start 00000081 end 00000083 length     2 section .ubsct

(C:\Program Files\Cosmic\Eval ST7\lib\libm.st7)yreg.o:
start 00000083 end 00000085 length     2 section .ubsct

vector.o:
start 0000055c end 00000603 length   167 section .debug
start 0000ffe0 end 00010000 length    32 section .const

communication.o:
start 0000faa1 end 0000fb43 length   162 section .text
start 00000603 end 00000b34 length  1329 section .debug


                             ------------
                             Shared areas
                             ------------

communication.o:
_sendIntNumber     00000085-000000a0 (26,2)

main.o:
_itExt0            on stack (5)
_itExt1            on stack (10)
_sleep             000000a1-000000a2 (0,2)

Stack size: 16


                               -------
                               Symbols
                               -------

MAXSIZE            000005e0   defined in command file
                              *** not used ***
_ADCCAMP           00000036   defined in main.o
_ADCCSR            00000034   defined in main.o
_ADCDR             00000035   defined in main.o
_ATCSR             0000000d   defined in main.o
_ATR               00000010   defined in main.o
_ATRH              00000010   defined in main.o
_ATRL              00000011   defined in main.o
_CNTR              0000000e   defined in main.o
_CNTRH             0000000e   defined in main.o
_CNTRL             0000000f   defined in main.o
_DCR0              00000017   defined in main.o
_DCR0H             00000017   defined in main.o
_DCR0L             00000018   defined in main.o
_EECSR             00000030   defined in main.o
_EICR              00000037   defined in main.o
_FCSR              0000002f   defined in main.o
_LTCSR             0000000b   defined in main.o
_LTICR             0000000c   defined in main.o
_MCCSR             00000038   defined in main.o
_PADDR             00000001   defined in main.o
_PADR              00000000   defined in main.o
_PAOR              00000002   defined in main.o
_PBDDR             00000004   defined in main.o
_PBDR              00000003   defined in main.o
_PBOR              00000005   defined in main.o
_PWM0CSR           00000013   defined in main.o
_PWMCR             00000012   defined in main.o
_RCCR              00000039   defined in main.o
_SICSR             0000003a   defined in main.o
_SPICR             00000032   defined in main.o
_SPIDR             00000031   defined in main.o
_SPISR             00000033   defined in main.o
__endzp            00000085   defined in command file section .ubsct
                              *** not used ***
__memory           000000c0   defined in command file section .bss
                              *** not used ***
__stext            0000fa00   defined in C:\Program Files\Cosmic\Eval ST7\lib\crts.st7 section .text
                              used in vector.o
__vectab           0000ffe0   defined in vector.o section .const
_exit              0000fa04   defined in C:\Program Files\Cosmic\Eval ST7\lib\crts.st7 section .text
_i                 00000080   defined in main.o section .ubsct
_init              0000fa80   defined in main.o section .text
_itExt0            0000fa73   defined in main.o section .text
                              used in vector.o
_itExt1            0000fa1b   defined in main.o section .text
                              used in vector.o
_main              0000fa9c   defined in main.o section .text
                              used in C:\Program Files\Cosmic\Eval ST7\lib\crts.st7
_sendIntNumber     0000faa1   defined in communication.o section .text
                              *** not used ***
_sendIntNumber$L   0000009f   defined in linker section .share
                              used in communication.o
_sleep             0000fa06   defined in main.o section .text
_sleep$L           000000a1   defined in linker section .share
                              used in main.o
c_x                00000081   defined in (C:\Program Files\Cosmic\Eval ST7\lib\libm.st7)xreg.o section .ubsct
                              used in main.o
c_y                00000083   defined in (C:\Program Files\Cosmic\Eval ST7\lib\libm.st7)yreg.o section .ubsct
                              used in main.o
